config: vaultMint Dio6wyfZiRH3o8WDhoGRLJ17kbd92ezxworcy8k4YutU | bps 10000 | window 10 | maxLinks 4
   vault top-up: +700 → 1000

== E10: set_allowance ==
    set_allowance(verhoog): OK 4t9Uj1UEkoTWARka (CU=3977)
  PASS  E10a verhoog cap→1000000 — cap=1000000 committed=300

== E6: max_links_per_tx ==
  PASS  E6 5 links → "Transaction too large" (>1232 B) — Error: Transaction too large: 1324 > 1232 — MaxLinksExceeded(6016) is defensieve backstop; de 1232-B tx-limiet dwingt max_links_per_tx=4 fysiek af

== E10b: cap onder committed ==
  PASS  E10b set_allowance(50) < committed → 6008 — fout 6008 (verwacht)

== E7: states-full ==
  PASS  E7b 5de state → 6018 StatesFull — fout 6018 (verwacht)

== E2: fork — extensie wint ==
    mint[e2-292509]: OK 2otj8e1g5i9r8P7L (CU=28245)
ws error: WebSocket connection to 'wss://api.devnet.solana.com/' failed: Expected 101 status code
Server responded with 429 Too Many Requests.  Retrying after 500ms delay...
ws error: WebSocket connection to 'wss://api.devnet.solana.com/' failed: Expected 101 status code
Server responded with 429 Too Many Requests.  Retrying after 1000ms delay...
ws error: WebSocket connection to 'wss://api.devnet.solana.com/' failed: Expected 101 status code
Server responded with 429 Too Many Requests.  Retrying after 2000ms delay...
ws error: WebSocket connection to 'wss://api.devnet.solana.com/' failed: Expected 101 status code
ws error: WebSocket connection to 'wss://api.devnet.solana.com/' failed: Expected 101 status code
Server responded with 429 Too Many Requests.  Retrying after 4000ms delay...
ws error: WebSocket connection to 'wss://api.devnet.solana.com/' failed: Expected 101 status code
ws error: WebSocket connection to 'wss://api.devnet.solana.com/' failed: Expected 101 status code
ws error: WebSocket connection to 'wss://api.devnet.solana.com/' failed: Expected 101 status code
ws error: WebSocket connection to 'wss://api.devnet.solana.com/' failed: Expected 101 status code
ws error: WebSocket connection to 'wss://api.devnet.solana.com/' failed: Expected 101 status code
Server responded with 429 Too Many Requests.  Retrying after 500ms delay...
Server responded with 429 Too Many Requests.  Retrying after 1000ms delay...
ws error: WebSocket connection to 'wss://api.devnet.solana.com/' failed: Expected 101 status code
    start[e2A:0]: OK 4yHGHQxt8eg357Pi (CU=20221)
    append[e2A×1]: OK 4Rx5iucAKpCQPSv2 (CU=6658)
    finalize[e2A]: 429, retry 1...
    finalize[e2A]: 429, retry 2...
    finalize[e2A]: 429, retry 3...
    finalize[e2A]: 429, retry 4...
    finalize[e2A]: OK 4bbi8UjTFsCZK4Yd (CU=30362)
  PASS  E2a head gezet (PENDING) — headAttempt=0 headLen=2
    start[e2B:1]: OK 5W97gWKtyrZwzrFP (CU=17222)
    append[e2B×2]: OK 4bK1bqnMoXqZGUf1 (CU=7053)
    finalize[e2B]: OK 5hVF5v4a8PgeLYKS (CU=45422)
Server responded with 429 Too Many Requests.  Retrying after 500ms delay...
Server responded with 429 Too Many Requests.  Retrying after 500ms delay...
Server responded with 429 Too Many Requests.  Retrying after 500ms delay...
  PASS  E2b B wint (extensie), A LOST, SPENT — subA=6 subB=5 reg=1
  PASS  E2c B +200 (refund+C1+value), vault -100, A-escrow=0 — holder3 2200→2400 | vault 1000→900 | escrowA=0

== E3: fork — tie → head wint ==
Server responded with 429 Too Many Requests.  Retrying after 500ms delay...
Server responded with 429 Too Many Requests.  Retrying after 500ms delay...
Server responded with 429 Too Many Requests.  Retrying after 500ms delay...
Server responded with 429 Too Many Requests.  Retrying after 500ms delay...
ws error: WebSocket connection to 'wss://api.devnet.solana.com/' failed: Expected 101 status code
    mint[e3-292509]: OK 5UfPmDUrxPTkdvvK (CU=29738)
Server responded with 429 Too Many Requests.  Retrying after 500ms delay...
ws error: WebSocket connection to 'wss://api.devnet.solana.com/' failed: Expected 101 status code
Server responded with 429 Too Many Requests.  Retrying after 1000ms delay...
Server responded with 429 Too Many Requests.  Retrying after 500ms delay...
Server responded with 429 Too Many Requests.  Retrying after 500ms delay...
Server responded with 429 Too Many Requests.  Retrying after 2000ms delay...
Server responded with 429 Too Many Requests.  Retrying after 1000ms delay...
Server responded with 429 Too Many Requests.  Retrying after 1000ms delay...
Server responded with 429 Too Many Requests.  Retrying after 500ms delay...
Server responded with 429 Too Many Requests.  Retrying after 500ms delay...
Server responded with 429 Too Many Requests.  Retrying after 4000ms delay...
Server responded with 429 Too Many Requests.  Retrying after 1000ms delay...
    start[e3A:0]: OK 5FahEQRqpVnNqtX5 (CU=17221)
    append[e3A×2]: OK 4tDnKCgUhBMvVnLe (CU=7053)
    finalize[e3A]: 429, retry 1...
    finalize[e3A]: 429, retry 2...
    finalize[e3A]: 429, retry 3...
    finalize[e3A]: 429, retry 4...
    finalize[e3A]: OK 3D3mHZEvzvDLFtyh (CU=27542)
    start[e3B:1]: OK 2KUAo1mVWXoN4uks (CU=17222)
    append[e3B×2]: OK 3AezT7iqGbKmMmLL (CU=7053)
    finalize[e3B]: OK 5tuxLu1Kb1YCksZx (CU=31918)
  PASS  E3a B verliest tie (A blijft head PENDING) — subA=2 subB=6
   ... wacht op window ...
Server responded with 429 Too Many Requests.  Retrying after 500ms delay...
Server responded with 429 Too Many Requests.  Retrying after 1000ms delay...
Server responded with 429 Too Many Requests.  Retrying after 2000ms delay...
Server responded with 429 Too Many Requests.  Retrying after 4000ms delay...
    settle[e3A]: OK 4xG8EXnhkpf9DiTf (CU=24141)
  PASS  E3b settle A → WON, SPENT — subA=5
  PASS  E3c recipient +200 (C1-comp + eigen refund), B 0, vault -100 — recipient 1900→2100 | holder3 2400→2400 | vault 900→800

== E8: WindowExpired ==
Server responded with 429 Too Many Requests.  Retrying after 500ms delay...
Server responded with 429 Too Many Requests.  Retrying after 500ms delay...
Server responded with 429 Too Many Requests.  Retrying after 500ms delay...
ws error: WebSocket connection to 'wss://api.devnet.solana.com/' failed: Expected 101 status code
Server responded with 429 Too Many Requests.  Retrying after 1000ms delay...
    mint[e8-292509]: OK NeCPEf6mWSz45cJi (CU=31197)
Server responded with 429 Too Many Requests.  Retrying after 500ms delay...
Server responded with 429 Too Many Requests.  Retrying after 1000ms delay...
Server responded with 429 Too Many Requests.  Retrying after 500ms delay...
Server responded with 429 Too Many Requests.  Retrying after 500ms delay...
Server responded with 429 Too Many Requests.  Retrying after 2000ms delay...
Server responded with 429 Too Many Requests.  Retrying after 1000ms delay...
Server responded with 429 Too Many Requests.  Retrying after 500ms delay...
Server responded with 429 Too Many Requests.  Retrying after 500ms delay...
Server responded with 429 Too Many Requests.  Retrying after 500ms delay...
Server responded with 429 Too Many Requests.  Retrying after 500ms delay...
ws error: WebSocket connection to 'wss://api.devnet.solana.com/' failed: Expected 101 status code
Server responded with 429 Too Many Requests.  Retrying after 1000ms delay...
Server responded with 429 Too Many Requests.  Retrying after 500ms delay...
    start[e8:0]: OK 3xwzwiJWQSJ2bx9s (CU=17221)
Server responded with 429 Too Many Requests.  Retrying after 1000ms delay...
Server responded with 429 Too Many Requests.  Retrying after 500ms delay...
Server responded with 429 Too Many Requests.  Retrying after 500ms delay...
Server responded with 429 Too Many Requests.  Retrying after 2000ms delay...
Server responded with 429 Too Many Requests.  Retrying after 1000ms delay...
ws error: WebSocket connection to 'wss://api.devnet.solana.com/' failed: Expected 101 status code
Server responded with 429 Too Many Requests.  Retrying after 4000ms delay...
    append[e8×1]: OK 3Dm2XR5rQtv1xGeg (CU=6658)
Server responded with 429 Too Many Requests.  Retrying after 500ms delay...
Server responded with 429 Too Many Requests.  Retrying after 500ms delay...
Server responded with 429 Too Many Requests.  Retrying after 500ms delay...
Server responded with 429 Too Many Requests.  Retrying after 500ms delay...
Server responded with 429 Too Many Requests.  Retrying after 500ms delay...
ws error: WebSocket connection to 'wss://api.devnet.solana.com/' failed: Expected 101 status code
   (unhandled-rejection genegeerd, web3.js-intern): Error: 429 Too Many Requests:  {"jsonrpc":"2.0","error":{"code": 429, "message":"Connection rate lim
    finalize[e8]: OK 5mm2wwjibeYUGXbZ (CU=36362)
  PASS  E8a settle te vroeg → 6019 WindowExpired — fout 6019 (verwacht)
   ... wacht op window ...
Server responded with 429 Too Many Requests.  Retrying after 500ms delay...
Server responded with 429 Too Many Requests.  Retrying after 500ms delay...
Server responded with 429 Too Many Requests.  Retrying after 500ms delay...
Server responded with 429 Too Many Requests.  Retrying after 500ms delay...
Server responded with 429 Too Many Requests.  Retrying after 500ms delay...
Server responded with 429 Too Many Requests.  Retrying after 500ms delay...
ws error: WebSocket connection to 'wss://api.devnet.solana.com/' failed: Expected 101 status code
Server responded with 429 Too Many Requests.  Retrying after 1000ms delay...
    settle[e8]: OK 3cxS9VuWcgmWZ2fC (CU=24141)
Server responded with 429 Too Many Requests.  Retrying after 500ms delay...
Server responded with 429 Too Many Requests.  Retrying after 1000ms delay...
  PASS  E8b settle na window → WON — sub=5

== E4: double-spend ==
Server responded with 429 Too Many Requests.  Retrying after 500ms delay...
Server responded with 429 Too Many Requests.  Retrying after 500ms delay...
  PASS  E4 start op SPENT-registry → 6015 — fout 6015 (verwacht)

== E5: herstart attempt ==
Server responded with 429 Too Many Requests.  Retrying after 500ms delay...
Server responded with 429 Too Many Requests.  Retrying after 500ms delay...
  PASS  E5 herstart bestaand attempt → geblokkeerd — code=0 (defensief: init/escrow vóór count-check)

--- M3 E2E-MATRIX RAPPORT ---
14/14 PASS in 113.2s

CU-tabel (unitsConsumed):
  mint_coin: 31197
  start_check_in: 17221
  append_links(n=1): 6658
  finalize(casusA): 36362
  append_links(n=2): 7053
  finalize(casusB-win): 45422
  finalize(casusB-lose): 31918
  settle: 24141
Server responded with 429 Too Many Requests.  Retrying after 500ms delay...
Server responded with 429 Too Many Requests.  Retrying after 500ms delay...
Server responded with 429 Too Many Requests.  Retrying after 500ms delay...
Server responded with 429 Too Many Requests.  Retrying after 500ms delay...
Server responded with 429 Too Many Requests.  Retrying after 500ms delay...

eindbalansen: vault=700 recipient=2100 holder2=200 holder3=2400
allowance: cap=1000000 committed=300 | total_unspent_supply=300
